// Jest Snapshot v1, https://goo.gl/fbAQLP

exports[`TvShowCard renders correctly 1`] = `
<div
  className="card card-compact min-h-72 md:card-side bg-base-100 shadow-xl w-full cursor-pointer md:w-fit lg:w-1/3 xl:w-1/4"
  onClick={[Function]}
>
  <img
    alt="The IT Crowd poster"
    className="max-w-52 min-h-72 shrink-0 self-center"
    src="test-image-url"
  />
  <div
    className="card-body justify-between"
  >
    <h2
      className="card-title"
    >
      The IT Crowd
    </h2>
    <div
      className="card-actions items-center justify-between"
      onClick={[Function]}
    >
      <span>
        8.7
      </span>
      <div
        className="false"
        data-tip="not available"
      >
        <a
          className="btn btn-primary false"
          href="https://guthib.com/"
          target="_blank"
        >
          Watch
        </a>
      </div>
    </div>
  </div>
</div>
`;
